agama-live-sway-cog.aarch64-3.0.0-ALP-Build8.7.iso
agama-live-sway-cog.aarch64-3.0.0-ALP-Playwright-Build8.7.iso
agama-live-sway-cog.aarch64-3.0.0-openSUSE-Build8.7.iso
agama-live-sway-cog.aarch64-3.0.0-openSUSE-Playwright-Build8.7.iso
agama-live-sway-cog.ppc64le-3.0.0-openSUSE-Build8.7.iso
agama-live-sway-cog.s390x-3.0.0-ALP-Build8.1.iso
agama-live-sway-cog.s390x-3.0.0-openSUSE-Build8.1.iso
agama-live-sway-cog.x86_64-3.0.0-ALP-Build8.7.iso
agama-live-sway-cog.x86_64-3.0.0-ALP-Playwright-Build8.7.iso
agama-live-sway-cog.x86_64-3.0.0-openSUSE-Build8.7.iso
agama-live-sway-cog.x86_64-3.0.0-openSUSE-Playwright-Build8.7.iso
agama-live-weston-cog.aarch64-3.0.0-ALP-Build4.23.iso
agama-live-weston-cog.aarch64-3.0.0-ALP-Playwright-Build4.21.iso
agama-live-weston-cog.aarch64-3.0.0-openSUSE-Build4.26.iso
agama-live-weston-cog.aarch64-3.0.0-openSUSE-Playwright-Build4.20.iso
agama-live-weston-cog.ppc64le-3.0.0-openSUSE-Build4.26.iso
agama-live-weston-cog.s390x-3.0.0-ALP-Build4.16.iso
agama-live-weston-cog.s390x-3.0.0-openSUSE-Build4.20.iso
agama-live-weston-cog.x86_64-3.0.0-ALP-Build4.23.iso
agama-live-weston-cog.x86_64-3.0.0-ALP-Playwright-Build4.21.iso
agama-live-weston-cog.x86_64-3.0.0-openSUSE-Build4.26.iso
agama-live-weston-cog.x86_64-3.0.0-openSUSE-Playwright-Build4.20.iso
agama-live-weston-minibrowser.aarch64-3.0.0-ALP-Build4.24.iso
agama-live-weston-minibrowser.aarch64-3.0.0-ALP-Playwright-Build4.21.iso
agama-live-weston-minibrowser.aarch64-3.0.0-openSUSE-Build4.27.iso
agama-live-weston-minibrowser.aarch64-3.0.0-openSUSE-Playwright-Build4.20.iso
agama-live-weston-minibrowser.ppc64le-3.0.0-openSUSE-Build4.27.iso
agama-live-weston-minibrowser.s390x-3.0.0-ALP-Build4.17.iso
agama-live-weston-minibrowser.s390x-3.0.0-openSUSE-Build4.20.iso
agama-live-weston-minibrowser.x86_64-3.0.0-ALP-Build4.24.iso
agama-live-weston-minibrowser.x86_64-3.0.0-ALP-Playwright-Build4.21.iso
agama-live-weston-minibrowser.x86_64-3.0.0-openSUSE-Build4.27.iso
agama-live-weston-minibrowser.x86_64-3.0.0-openSUSE-Playwright-Build4.20.iso
agama-live.aarch64-3.0.0-ALP-Build2.48.iso
agama-live.aarch64-3.0.0-ALP-Playwright-Build2.48.iso
agama-live.aarch64-3.0.0-openSUSE-Build2.55.iso
agama-live.aarch64-3.0.0-openSUSE-Playwright-Build2.48.iso
agama-live.ppc64le-3.0.0-openSUSE-Build2.55.iso
agama-live.s390x-3.0.0-ALP-Build2.26.iso
agama-live.s390x-3.0.0-openSUSE-Build2.32.iso
agama-live.x86_64-3.0.0-ALP-Build2.48.iso
agama-live.x86_64-3.0.0-ALP-Playwright-Build2.48.iso
agama-live.x86_64-3.0.0-openSUSE-Build2.55.iso
agama-live.x86_64-3.0.0-openSUSE-Playwright-Build2.48.iso
