openSUSE-Leap-Micro.aarch64-6.1-Default-Build13.1.raw.xz
openSUSE-Leap-Micro.x86_64-6.1-Default-Build13.1.raw.xz
openSUSE-Leap-Micro.aarch64-6.1-Default-SelfInstall-Build13.1.install.iso
openSUSE-Leap-Micro.x86_64-6.1-Default-SelfInstall-Build13.1.install.iso
openSUSE-Leap-Micro.x86_64-6.1-Default-encrypted-Build13.1.raw.xz
openSUSE-Leap-Micro.aarch64-6.1-Default-qcow-Build13.1.qcow2
openSUSE-Leap-Micro.x86_64-6.1-Default-qcow-Build13.1.qcow2
openSUSE-Leap-Micro.aarch64-6.1-Base-Build13.1.raw.xz
openSUSE-Leap-Micro.x86_64-6.1-Base-Build13.1.raw.xz
openSUSE-Leap-Micro.aarch64-6.1-Base-SelfInstall-Build13.1.install.iso
openSUSE-Leap-Micro.x86_64-6.1-Base-SelfInstall-Build13.1.install.iso
openSUSE-Leap-Micro.x86_64-6.1-Base-RT-Build13.1.raw.xz
openSUSE-Leap-Micro.x86_64-6.1-Base-RT-SelfInstall-Build13.1.install.iso
openSUSE-Leap-Micro.x86_64-6.1-Base-encrypted-Build13.1.raw.xz
openSUSE-Leap-Micro.aarch64-6.1-Base-qcow-Build13.1.qcow2
openSUSE-Leap-Micro.x86_64-6.1-Base-qcow-Build13.1.qcow2
